
[TestProviderPluginPath - 1]
[
 {
  "name": "random",
  "path": "<Any value>"
 }
]
---
